<?xml version="1.0" encoding="utf-8"?>
<TestRun id="f931f96b-66e6-4378-889d-bbb08d3e7f46" name="Dim@DIMA-PC 2026-07-17 10:36:48" runUser="REDACTED-PARTY\Dim" xmlns="http://microsoft.com/schemas/VisualStudio/TeamTest/2010">
  <Times creation="2026-07-17T10:36:48.3165806+03:00" queuing="2026-07-17T10:36:48.3165815+03:00" start="2026-07-17T10:36:28.3756504+03:00" finish="2026-07-17T10:37:04.9054017+03:00" />
  <TestSettings name="default" id="269330d3-f058-4993-b4e7-312902023393">
    <Deployment runDeploymentRoot="Dim_DIMA-PC_2026-07-17_10_36_48" />
  </TestSettings>
  <Results>
    <UnitTestResult executionId="e6adc2a3-11d3-4a6c-86ee-467215abeba3" testId="a76ccf31-9831-6b84-4a48-3c720780ac7f" testName="ProcuLink.Api.Tests.Integration.CrashedHolderRecoveryCompositionPostgresTests.CrashedHolder_SweepRedrive_ActuallyDeliversTheOrder" computerName="DIMA-PC" duration="00:00:00.0010000" startTime="2026-07-17T10:36:29.7243633+03:00" endTime="2026-07-17T10:36:48.2720476+03:00" testType="13cdc9d9-ddb5-4fa4-a97d-d965ccfc6d4b" outcome="Failed" testListId="8c84fa94-04c1-424b-9868-57a2d4851a1d" relativeResultsDirectory="e6adc2a3-11d3-4a6c-86ee-467215abeba3">
      <Output>
        <ErrorInfo>
          <Message>Npgsql.NpgsqlException : Exception while reading from stream&#xD;
---- System.TimeoutException : Timeout during reading attempt</Message>
          <StackTrace>   at Npgsql.Internal.NpgsqlReadBuffer.&lt;Ensure&gt;g__EnsureLong|55_0(NpgsqlReadBuffer buffer, Int32 count, Boolean async, Boolean readingNotifications)&#xD;
   at System.Runtime.CompilerServices.PoolingAsyncValueTaskMethodBuilder`1.StateMachineBox`1.System.Threading.Tasks.Sources.IValueTaskSource.GetResult(Int16 token)&#xD;
   at Npgsql.Internal.NpgsqlConnector.RawOpen(SslMode sslMode, NpgsqlTimeout timeout, Boolean async, CancellationToken cancellationToken, Boolean isFirstAttempt)&#xD;
   at Npgsql.Internal.NpgsqlConnector.&lt;Open&gt;g__OpenCore|213_1(NpgsqlConnector conn, SslMode sslMode, NpgsqlTimeout timeout, Boolean async, CancellationToken cancellationToken, Boolean isFirstAttempt)&#xD;
   at Npgsql.Internal.NpgsqlConnector.Open(NpgsqlTimeout timeout, Boolean async, CancellationToken cancellationToken)&#xD;
   at Npgsql.UnpooledDataSource.Get(NpgsqlConnection conn, NpgsqlTimeout timeout, Boolean async, CancellationToken cancellationToken)&#xD;
   at Npgsql.NpgsqlConnection.&lt;Open&gt;g__OpenAsync|42_0(Boolean async, CancellationToken cancellationToken)&#xD;
   at Microsoft.EntityFrameworkCore.Storage.RelationalConnection.OpenInternalAsync(Boolean errorsExpected, CancellationToken cancellationToken)&#xD;
   at Microsoft.EntityFrameworkCore.Storage.RelationalConnection.OpenInternalAsync(Boolean errorsExpected, CancellationToken cancellationToken)&#xD;
   at Microsoft.EntityFrameworkCore.Storage.RelationalConnection.OpenAsync(CancellationToken cancellationToken, Boolean errorsExpected)&#xD;
   at Npgsql.EntityFrameworkCore.PostgreSQL.Storage.Internal.NpgsqlDatabaseCreator.Exists(Boolean async, CancellationToken cancellationToken)&#xD;
   at Npgsql.EntityFrameworkCore.PostgreSQL.Storage.Internal.NpgsqlDatabaseCreator.Exists(Boolean async, CancellationToken cancellationToken)&#xD;
   at Microsoft.EntityFrameworkCore.Migrations.HistoryRepository.ExistsAsync(CancellationToken cancellationToken)&#xD;
   at Microsoft.EntityFrameworkCore.Migrations.Internal.Migrator.MigrateAsync(String targetMigration, CancellationToken cancellationToken)&#xD;
   at Npgsql.EntityFrameworkCore.PostgreSQL.Migrations.Internal.NpgsqlMigrator.MigrateAsync(String targetMigration, CancellationToken cancellationToken)&#xD;
   at ProcuLink.Api.Tests.Integration.CrashedHolderRecoveryCompositionPostgresTests.InitializeAsync() in C:\Users\Dmitri.REDACTED-PARTY\source\repos\ProcuLink\.claude\worktrees\priceless-pike-d2eb0a\ProcuLink.Api.Tests\Integration\CrashedHolderRecoveryCompositionPostgresTests.cs:line 68&#xD;
   at ProcuLink.Api.Tests.Integration.CrashedHolderRecoveryCompositionPostgresTests.InitializeAsync() in C:\Users\Dmitri.REDACTED-PARTY\source\repos\ProcuLink\.claude\worktrees\priceless-pike-d2eb0a\ProcuLink.Api.Tests\Integration\CrashedHolderRecoveryCompositionPostgresTests.cs:line 68&#xD;
----- Inner Stack Trace -----&#xD;
</StackTrace>
        </ErrorInfo>
      </Output>
    </UnitTestResult>
    <UnitTestResult executionId="82efcbea-372c-4f37-9d39-7b53140bfa91" testId="02e4509f-8cf6-4455-1ca2-3434ef3529fb" testName="ProcuLink.Api.Tests.Integration.CrashedHolderRecoveryCompositionPostgresTests.LiveHolder_RetryStaysSilent_NoDispatchNoReschedule" computerName="DIMA-PC" duration="00:00:00.0010000" startTime="2026-07-17T10:36:48.2958310+03:00" endTime="2026-07-17T10:37:04.8391238+03:00" testType="13cdc9d9-ddb5-4fa4-a97d-d965ccfc6d4b" outcome="Failed" testListId="8c84fa94-04c1-424b-9868-57a2d4851a1d" relativeResultsDirectory="82efcbea-372c-4f37-9d39-7b53140bfa91">
      <Output>
        <ErrorInfo>
          <Message>Npgsql.NpgsqlException : Exception while reading from stream&#xD;
---- System.TimeoutException : Timeout during reading attempt</Message>
          <StackTrace>   at Npgsql.Internal.NpgsqlReadBuffer.&lt;Ensure&gt;g__EnsureLong|55_0(NpgsqlReadBuffer buffer, Int32 count, Boolean async, Boolean readingNotifications)&#xD;
   at System.Runtime.CompilerServices.PoolingAsyncValueTaskMethodBuilder`1.StateMachineBox`1.System.Threading.Tasks.Sources.IValueTaskSource.GetResult(Int16 token)&#xD;
   at Npgsql.Internal.NpgsqlConnector.RawOpen(SslMode sslMode, NpgsqlTimeout timeout, Boolean async, CancellationToken cancellationToken, Boolean isFirstAttempt)&#xD;
   at Npgsql.Internal.NpgsqlConnector.&lt;Open&gt;g__OpenCore|213_1(NpgsqlConnector conn, SslMode sslMode, NpgsqlTimeout timeout, Boolean async, CancellationToken cancellationToken, Boolean isFirstAttempt)&#xD;
   at Npgsql.Internal.NpgsqlConnector.Open(NpgsqlTimeout timeout, Boolean async, CancellationToken cancellationToken)&#xD;
   at Npgsql.UnpooledDataSource.Get(NpgsqlConnection conn, NpgsqlTimeout timeout, Boolean async, CancellationToken cancellationToken)&#xD;
   at Npgsql.NpgsqlConnection.&lt;Open&gt;g__OpenAsync|42_0(Boolean async, CancellationToken cancellationToken)&#xD;
   at Microsoft.EntityFrameworkCore.Storage.RelationalConnection.OpenInternalAsync(Boolean errorsExpected, CancellationToken cancellationToken)&#xD;
   at Microsoft.EntityFrameworkCore.Storage.RelationalConnection.OpenInternalAsync(Boolean errorsExpected, CancellationToken cancellationToken)&#xD;
   at Microsoft.EntityFrameworkCore.Storage.RelationalConnection.OpenAsync(CancellationToken cancellationToken, Boolean errorsExpected)&#xD;
   at Npgsql.EntityFrameworkCore.PostgreSQL.Storage.Internal.NpgsqlDatabaseCreator.Exists(Boolean async, CancellationToken cancellationToken)&#xD;
   at Npgsql.EntityFrameworkCore.PostgreSQL.Storage.Internal.NpgsqlDatabaseCreator.Exists(Boolean async, CancellationToken cancellationToken)&#xD;
   at Microsoft.EntityFrameworkCore.Migrations.HistoryRepository.ExistsAsync(CancellationToken cancellationToken)&#xD;
   at Microsoft.EntityFrameworkCore.Migrations.HistoryRepository.GetAppliedMigrationsAsync(CancellationToken cancellationToken)&#xD;
   at Npgsql.EntityFrameworkCore.PostgreSQL.Migrations.Internal.NpgsqlMigrator.MigrateAsync(String targetMigration, CancellationToken cancellationToken)&#xD;
   at ProcuLink.Api.Tests.Integration.CrashedHolderRecoveryCompositionPostgresTests.InitializeAsync() in C:\Users\Dmitri.REDACTED-PARTY\source\repos\ProcuLink\.claude\worktrees\priceless-pike-d2eb0a\ProcuLink.Api.Tests\Integration\CrashedHolderRecoveryCompositionPostgresTests.cs:line 68&#xD;
   at ProcuLink.Api.Tests.Integration.CrashedHolderRecoveryCompositionPostgresTests.InitializeAsync() in C:\Users\Dmitri.REDACTED-PARTY\source\repos\ProcuLink\.claude\worktrees\priceless-pike-d2eb0a\ProcuLink.Api.Tests\Integration\CrashedHolderRecoveryCompositionPostgresTests.cs:line 68&#xD;
----- Inner Stack Trace -----&#xD;
</StackTrace>
        </ErrorInfo>
      </Output>
    </UnitTestResult>
  </Results>
  <TestDefinitions>
    <UnitTest name="ProcuLink.Api.Tests.Integration.CrashedHolderRecoveryCompositionPostgresTests.CrashedHolder_SweepRedrive_ActuallyDeliversTheOrder" storage="c:\users\dmitri.markit\source\repos\proculink\.claude\worktrees\priceless-pike-d2eb0a\proculink.api.tests\bin\debug\net8.0\proculink.api.tests.dll" id="a76ccf31-9831-6b84-4a48-3c720780ac7f">
      <Execution id="e6adc2a3-11d3-4a6c-86ee-467215abeba3" />
      <TestMethod codeBase="C:\Users\Dmitri.REDACTED-PARTY\source\repos\ProcuLink\.claude\worktrees\priceless-pike-d2eb0a\ProcuLink.Api.Tests\bin\Debug\net8.0\ProcuLink.Api.Tests.dll" adapterTypeName="executor://xunit/VsTestRunner3/netcore/" className="ProcuLink.Api.Tests.Integration.CrashedHolderRecoveryCompositionPostgresTests" name="CrashedHolder_SweepRedrive_ActuallyDeliversTheOrder" />
    </UnitTest>
    <UnitTest name="ProcuLink.Api.Tests.Integration.CrashedHolderRecoveryCompositionPostgresTests.LiveHolder_RetryStaysSilent_NoDispatchNoReschedule" storage="c:\users\dmitri.markit\source\repos\proculink\.claude\worktrees\priceless-pike-d2eb0a\proculink.api.tests\bin\debug\net8.0\proculink.api.tests.dll" id="02e4509f-8cf6-4455-1ca2-3434ef3529fb">
      <Execution id="82efcbea-372c-4f37-9d39-7b53140bfa91" />
      <TestMethod codeBase="C:\Users\Dmitri.REDACTED-PARTY\source\repos\ProcuLink\.claude\worktrees\priceless-pike-d2eb0a\ProcuLink.Api.Tests\bin\Debug\net8.0\ProcuLink.Api.Tests.dll" adapterTypeName="executor://xunit/VsTestRunner3/netcore/" className="ProcuLink.Api.Tests.Integration.CrashedHolderRecoveryCompositionPostgresTests" name="LiveHolder_RetryStaysSilent_NoDispatchNoReschedule" />
    </UnitTest>
  </TestDefinitions>
  <TestEntries>
    <TestEntry testId="a76ccf31-9831-6b84-4a48-3c720780ac7f" executionId="e6adc2a3-11d3-4a6c-86ee-467215abeba3" testListId="8c84fa94-04c1-424b-9868-57a2d4851a1d" />
    <TestEntry testId="02e4509f-8cf6-4455-1ca2-3434ef3529fb" executionId="82efcbea-372c-4f37-9d39-7b53140bfa91" testListId="8c84fa94-04c1-424b-9868-57a2d4851a1d" />
  </TestEntries>
  <TestLists>
    <TestList name="Results Not in a List" id="8c84fa94-04c1-424b-9868-57a2d4851a1d" />
    <TestList name="All Loaded Results" id="19431567-8539-422a-85d7-44ee4e166bda" />
  </TestLists>
  <ResultSummary outcome="Failed">
    <Counters total="2" executed="2" passed="0" failed="2" error="0" timeout="0" aborted="0" inconclusive="0" passedButRunAborted="0" notRunnable="0" notExecuted="0" disconnected="0" warning="0" completed="0" inProgress="0" pending="0" />
    <Output>
      <StdOut>[xUnit.net 00:00:00.00] xUnit.net VSTest Adapter v3.1.4+50e68bbb8b (64-bit .NET 8.0.29)&#xD;
[xUnit.net 00:00:00.15]   Discovering: ProcuLink.Api.Tests&#xD;
[xUnit.net 00:00:00.65]   Discovered:  ProcuLink.Api.Tests&#xD;
[xUnit.net 00:00:00.67]   Starting:    ProcuLink.Api.Tests&#xD;
[testcontainers.org 00:00:00.06] Connected to Docker:&#xD;
  Host: npipe://./pipe/docker_engine&#xD;
  Server Version: 29.5.3&#xD;
  Kernel Version: 6.18.33.2-microsoft-standard-WSL2&#xD;
  API Version: 1.54&#xD;
  Operating System: Docker Desktop&#xD;
  Total Memory: 1.86 GB&#xD;
  Labels: &#xD;
    com.docker.desktop.address=npipe://\\.\pipe\docker_cli&#xD;
[testcontainers.org 00:00:00.32] Docker container ceb51543415d created&#xD;
[testcontainers.org 00:00:00.39] Start Docker container ceb51543415d&#xD;
[testcontainers.org 00:00:00.63] Wait for Docker container ceb51543415d to complete readiness checks&#xD;
[testcontainers.org 00:00:00.63] Docker container ceb51543415d ready&#xD;
[testcontainers.org 00:00:00.72] Docker container 045ecd0d45e7 created&#xD;
[testcontainers.org 00:00:00.74] Start Docker container 045ecd0d45e7&#xD;
[testcontainers.org 00:00:00.99] Wait for Docker container 045ecd0d45e7 to complete readiness checks&#xD;
[testcontainers.org 00:00:01.01] Execute "pg_isready --host localhost --dbname proculink_crashcompose_a0cca0a8a7e94a0aa760d29f82509517 --username postgres" at Docker container 045ecd0d45e7&#xD;
[testcontainers.org 00:00:02.20] Execute "pg_isready --host localhost --dbname proculink_crashcompose_a0cca0a8a7e94a0aa760d29f82509517 --username postgres" at Docker container 045ecd0d45e7&#xD;
[testcontainers.org 00:00:02.28] Docker container 045ecd0d45e7 ready&#xD;
[xUnit.net 00:00:19.24]       Npgsql.NpgsqlException : Exception while reading from stream&#xD;
[xUnit.net 00:00:19.24]       ---- System.TimeoutException : Timeout during reading attempt&#xD;
[xUnit.net 00:00:19.24]       Stack Trace:&#xD;
[xUnit.net 00:00:19.24]            at Npgsql.Internal.NpgsqlReadBuffer.&lt;Ensure&gt;g__EnsureLong|55_0(NpgsqlReadBuffer buffer, Int32 count, Boolean async, Boolean readingNotifications)&#xD;
[xUnit.net 00:00:19.24]            at System.Runtime.CompilerServices.PoolingAsyncValueTaskMethodBuilder`1.StateMachineBox`1.System.Threading.Tasks.Sources.IValueTaskSource.GetResult(Int16 token)&#xD;
[xUnit.net 00:00:19.24]            at Npgsql.Internal.NpgsqlConnector.RawOpen(SslMode sslMode, NpgsqlTimeout timeout, Boolean async, CancellationToken cancellationToken, Boolean isFirstAttempt)&#xD;
[xUnit.net 00:00:19.24]            at Npgsql.Internal.NpgsqlConnector.&lt;Open&gt;g__OpenCore|213_1(NpgsqlConnector conn, SslMode sslMode, NpgsqlTimeout timeout, Boolean async, CancellationToken cancellationToken, Boolean isFirstAttempt)&#xD;
[xUnit.net 00:00:19.24]            at Npgsql.Internal.NpgsqlConnector.Open(NpgsqlTimeout timeout, Boolean async, CancellationToken cancellationToken)&#xD;
[xUnit.net 00:00:19.24]            at Npgsql.UnpooledDataSource.Get(NpgsqlConnection conn, NpgsqlTimeout timeout, Boolean async, CancellationToken cancellationToken)&#xD;
[xUnit.net 00:00:19.24]            at Npgsql.NpgsqlConnection.&lt;Open&gt;g__OpenAsync|42_0(Boolean async, CancellationToken cancellationToken)&#xD;
[xUnit.net 00:00:19.24]            at Microsoft.EntityFrameworkCore.Storage.RelationalConnection.OpenInternalAsync(Boolean errorsExpected, CancellationToken cancellationToken)&#xD;
[xUnit.net 00:00:19.24]            at Microsoft.EntityFrameworkCore.Storage.RelationalConnection.OpenInternalAsync(Boolean errorsExpected, CancellationToken cancellationToken)&#xD;
[xUnit.net 00:00:19.24]            at Microsoft.EntityFrameworkCore.Storage.RelationalConnection.OpenAsync(CancellationToken cancellationToken, Boolean errorsExpected)&#xD;
[xUnit.net 00:00:19.24]            at Npgsql.EntityFrameworkCore.PostgreSQL.Storage.Internal.NpgsqlDatabaseCreator.Exists(Boolean async, CancellationToken cancellationToken)&#xD;
[xUnit.net 00:00:19.24]            at Npgsql.EntityFrameworkCore.PostgreSQL.Storage.Internal.NpgsqlDatabaseCreator.Exists(Boolean async, CancellationToken cancellationToken)&#xD;
[xUnit.net 00:00:19.24]            at Microsoft.EntityFrameworkCore.Migrations.HistoryRepository.ExistsAsync(CancellationToken cancellationToken)&#xD;
[xUnit.net 00:00:19.24]            at Microsoft.EntityFrameworkCore.Migrations.Internal.Migrator.MigrateAsync(String targetMigration, CancellationToken cancellationToken)&#xD;
[xUnit.net 00:00:19.24]            at Npgsql.EntityFrameworkCore.PostgreSQL.Migrations.Internal.NpgsqlMigrator.MigrateAsync(String targetMigration, CancellationToken cancellationToken)&#xD;
[xUnit.net 00:00:19.24]         C:\Users\Dmitri.REDACTED-PARTY\source\repos\ProcuLink\.claude\worktrees\priceless-pike-d2eb0a\ProcuLink.Api.Tests\Integration\CrashedHolderRecoveryCompositionPostgresTests.cs(68,0): at ProcuLink.Api.Tests.Integration.CrashedHolderRecoveryCompositionPostgresTests.InitializeAsync()&#xD;
[xUnit.net 00:00:19.24]         C:\Users\Dmitri.REDACTED-PARTY\source\repos\ProcuLink\.claude\worktrees\priceless-pike-d2eb0a\ProcuLink.Api.Tests\Integration\CrashedHolderRecoveryCompositionPostgresTests.cs(68,0): at ProcuLink.Api.Tests.Integration.CrashedHolderRecoveryCompositionPostgresTests.InitializeAsync()&#xD;
[xUnit.net 00:00:19.24]         ----- Inner Stack Trace -----&#xD;
[xUnit.net 00:00:19.24]         &#xD;
[testcontainers.org 00:00:18.61] Docker container 2e3d2d213fa6 created&#xD;
[testcontainers.org 00:00:18.62] Start Docker container 2e3d2d213fa6&#xD;
[testcontainers.org 00:00:18.81] Wait for Docker container 2e3d2d213fa6 to complete readiness checks&#xD;
[testcontainers.org 00:00:18.83] Execute "pg_isready --host localhost --dbname proculink_crashcompose_b2a5d953a86e422bb89877ad89057393 --username postgres" at Docker container 2e3d2d213fa6&#xD;
[testcontainers.org 00:00:19.95] Execute "pg_isready --host localhost --dbname proculink_crashcompose_b2a5d953a86e422bb89877ad89057393 --username postgres" at Docker container 2e3d2d213fa6&#xD;
[testcontainers.org 00:00:20.04] Docker container 2e3d2d213fa6 ready&#xD;
[xUnit.net 00:00:35.80]       Npgsql.NpgsqlException : Exception while reading from stream&#xD;
[xUnit.net 00:00:35.80]       ---- System.TimeoutException : Timeout during reading attempt&#xD;
[xUnit.net 00:00:35.80]       Stack Trace:&#xD;
[xUnit.net 00:00:35.80]            at Npgsql.Internal.NpgsqlReadBuffer.&lt;Ensure&gt;g__EnsureLong|55_0(NpgsqlReadBuffer buffer, Int32 count, Boolean async, Boolean readingNotifications)&#xD;
[xUnit.net 00:00:35.80]            at System.Runtime.CompilerServices.PoolingAsyncValueTaskMethodBuilder`1.StateMachineBox`1.System.Threading.Tasks.Sources.IValueTaskSource.GetResult(Int16 token)&#xD;
[xUnit.net 00:00:35.81]            at Npgsql.Internal.NpgsqlConnector.RawOpen(SslMode sslMode, NpgsqlTimeout timeout, Boolean async, CancellationToken cancellationToken, Boolean isFirstAttempt)&#xD;
[xUnit.net 00:00:35.81]            at Npgsql.Internal.NpgsqlConnector.&lt;Open&gt;g__OpenCore|213_1(NpgsqlConnector conn, SslMode sslMode, NpgsqlTimeout timeout, Boolean async, CancellationToken cancellationToken, Boolean isFirstAttempt)&#xD;
[xUnit.net 00:00:35.81]            at Npgsql.Internal.NpgsqlConnector.Open(NpgsqlTimeout timeout, Boolean async, CancellationToken cancellationToken)&#xD;
[xUnit.net 00:00:35.81]            at Npgsql.UnpooledDataSource.Get(NpgsqlConnection conn, NpgsqlTimeout timeout, Boolean async, CancellationToken cancellationToken)&#xD;
[xUnit.net 00:00:35.81]            at Npgsql.NpgsqlConnection.&lt;Open&gt;g__OpenAsync|42_0(Boolean async, CancellationToken cancellationToken)&#xD;
[xUnit.net 00:00:35.81]            at Microsoft.EntityFrameworkCore.Storage.RelationalConnection.OpenInternalAsync(Boolean errorsExpected, CancellationToken cancellationToken)&#xD;
[xUnit.net 00:00:35.81]            at Microsoft.EntityFrameworkCore.Storage.RelationalConnection.OpenInternalAsync(Boolean errorsExpected, CancellationToken cancellationToken)&#xD;
[xUnit.net 00:00:35.81]            at Microsoft.EntityFrameworkCore.Storage.RelationalConnection.OpenAsync(CancellationToken cancellationToken, Boolean errorsExpected)&#xD;
[xUnit.net 00:00:35.81]            at Npgsql.EntityFrameworkCore.PostgreSQL.Storage.Internal.NpgsqlDatabaseCreator.Exists(Boolean async, CancellationToken cancellationToken)&#xD;
[xUnit.net 00:00:35.81]            at Npgsql.EntityFrameworkCore.PostgreSQL.Storage.Internal.NpgsqlDatabaseCreator.Exists(Boolean async, CancellationToken cancellationToken)&#xD;
[xUnit.net 00:00:35.81]            at Microsoft.EntityFrameworkCore.Migrations.HistoryRepository.ExistsAsync(CancellationToken cancellationToken)&#xD;
[xUnit.net 00:00:35.81]            at Microsoft.EntityFrameworkCore.Migrations.HistoryRepository.GetAppliedMigrationsAsync(CancellationToken cancellationToken)&#xD;
[xUnit.net 00:00:35.81]            at Npgsql.EntityFrameworkCore.PostgreSQL.Migrations.Internal.NpgsqlMigrator.MigrateAsync(String targetMigration, CancellationToken cancellationToken)&#xD;
[xUnit.net 00:00:35.81]         C:\Users\Dmitri.REDACTED-PARTY\source\repos\ProcuLink\.claude\worktrees\priceless-pike-d2eb0a\ProcuLink.Api.Tests\Integration\CrashedHolderRecoveryCompositionPostgresTests.cs(68,0): at ProcuLink.Api.Tests.Integration.CrashedHolderRecoveryCompositionPostgresTests.InitializeAsync()&#xD;
[xUnit.net 00:00:35.81]         C:\Users\Dmitri.REDACTED-PARTY\source\repos\ProcuLink\.claude\worktrees\priceless-pike-d2eb0a\ProcuLink.Api.Tests\Integration\CrashedHolderRecoveryCompositionPostgresTests.cs(68,0): at ProcuLink.Api.Tests.Integration.CrashedHolderRecoveryCompositionPostgresTests.InitializeAsync()&#xD;
[xUnit.net 00:00:35.81]         ----- Inner Stack Trace -----&#xD;
[xUnit.net 00:00:35.81]         &#xD;
[xUnit.net 00:00:35.81]   Finished:    ProcuLink.Api.Tests&#xD;
</StdOut>
    </Output>
    <RunInfos>
      <RunInfo computerName="DIMA-PC" outcome="Error" timestamp="2026-07-17T10:36:48.2748846+03:00">
        <Text>[xUnit.net 00:00:19.24]     ProcuLink.Api.Tests.Integration.CrashedHolderRecoveryCompositionPostgresTests.CrashedHolder_SweepRedrive_ActuallyDeliversTheOrder [FAIL]</Text>
      </RunInfo>
      <RunInfo computerName="DIMA-PC" outcome="Error" timestamp="2026-07-17T10:37:04.8396589+03:00">
        <Text>[xUnit.net 00:00:35.80]     ProcuLink.Api.Tests.Integration.CrashedHolderRecoveryCompositionPostgresTests.LiveHolder_RetryStaysSilent_NoDispatchNoReschedule [FAIL]</Text>
      </RunInfo>
    </RunInfos>
  </ResultSummary>
</TestRun>