<?xml version="1.0" encoding="utf-8"?>
<TestRun id="ea599795-4350-41e7-ad5b-491377d746cc" name="Dim@DIMA-PC 2026-07-17 10:46:15" runUser="REDACTED-PARTY\Dim" xmlns="http://microsoft.com/schemas/VisualStudio/TeamTest/2010">
  <Times creation="2026-07-17T10:46:15.5807388+03:00" queuing="2026-07-17T10:46:15.5807392+03:00" start="2026-07-17T10:46:11.6398127+03:00" finish="2026-07-17T10:46:43.7465172+03:00" />
  <TestSettings name="default" id="040641b0-5701-4a8d-bef7-642f528e7fc1">
    <Deployment runDeploymentRoot="Dim_DIMA-PC_2026-07-17_10_46_15" />
  </TestSettings>
  <Results>
    <UnitTestResult executionId="1d3bd732-8836-4f94-a18d-445659bdc353" testId="df7ce2f0-f7e6-a964-e7e3-0013a44dca82" testName="ProcuLink.Api.Tests.Integration.RetryDeliveryLoopPostgresTests.TransientDispatchFailure_AttemptRowWritten_JobStillReschedules" computerName="DIMA-PC" duration="00:00:00.1385121" startTime="2026-07-17T10:46:26.3326303+03:00" endTime="2026-07-17T10:46:29.2092374+03:00" testType="13cdc9d9-ddb5-4fa4-a97d-d965ccfc6d4b" outcome="Passed" testListId="8c84fa94-04c1-424b-9868-57a2d4851a1d" relativeResultsDirectory="1d3bd732-8836-4f94-a18d-445659bdc353" />
    <UnitTestResult executionId="f13a3523-f36d-4301-a039-29162dd95f98" testId="3ef11b22-6723-8cbe-4db1-1a8a04821883" testName="ProcuLink.Api.Tests.Integration.RetryDeliveryLoopPostgresTests.ClaimLostToAnotherWorker_NoDispatch_ButStillReschedules" computerName="DIMA-PC" duration="00:00:00.0167172" startTime="2026-07-17T10:46:29.2096994+03:00" endTime="2026-07-17T10:46:31.9043444+03:00" testType="13cdc9d9-ddb5-4fa4-a97d-d965ccfc6d4b" outcome="Passed" testListId="8c84fa94-04c1-424b-9868-57a2d4851a1d" relativeResultsDirectory="f13a3523-f36d-4301-a039-29162dd95f98" />
    <UnitTestResult executionId="f1a01a32-1212-4f4c-a372-8fed6508e22e" testId="17c7b298-e5c6-9d93-563b-fb00101e3c63" testName="ProcuLink.Api.Tests.Jobs.DeliverOrderJobNoDispatchTests.ExecuteAsync_NoDispatchAttempted_DoesNotSeedRetryQueue" computerName="DIMA-PC" duration="00:00:00.0051152" startTime="2026-07-17T10:46:14.1464020+03:00" endTime="2026-07-17T10:46:14.1464808+03:00" testType="13cdc9d9-ddb5-4fa4-a97d-d965ccfc6d4b" outcome="Passed" testListId="8c84fa94-04c1-424b-9868-57a2d4851a1d" relativeResultsDirectory="f1a01a32-1212-4f4c-a372-8fed6508e22e" />
    <UnitTestResult executionId="87fe8514-8a32-4d83-8d0d-b3fd17f9ae29" testId="96e25a96-ff3b-1dae-c0b8-ce159bda9491" testName="ProcuLink.Api.Tests.Integration.RetryDeliveryLoopPostgresTests.HeldOrder_NotRetryableStatus_JobDoesNotReschedule" computerName="DIMA-PC" duration="00:00:00.0087375" startTime="2026-07-17T10:46:31.9052999+03:00" endTime="2026-07-17T10:46:34.5848361+03:00" testType="13cdc9d9-ddb5-4fa4-a97d-d965ccfc6d4b" outcome="Passed" testListId="8c84fa94-04c1-424b-9868-57a2d4851a1d" relativeResultsDirectory="87fe8514-8a32-4d83-8d0d-b3fd17f9ae29" />
    <UnitTestResult executionId="63043354-d74a-43bb-b1a9-3750193ad717" testId="1f4a019e-b6fe-e766-978f-f90e4573f69c" testName="ProcuLink.Api.Tests.Integration.CrashedHolderRecoveryCompositionPostgresTests.LiveHolder_RetryNeverDoubleDispatches" computerName="DIMA-PC" duration="00:00:00.0167114" startTime="2026-07-17T10:46:34.5872388+03:00" endTime="2026-07-17T10:46:37.4533811+03:00" testType="13cdc9d9-ddb5-4fa4-a97d-d965ccfc6d4b" outcome="Passed" testListId="8c84fa94-04c1-424b-9868-57a2d4851a1d" relativeResultsDirectory="63043354-d74a-43bb-b1a9-3750193ad717" />
    <UnitTestResult executionId="46d136f5-e658-4432-8e22-24df52bdfb97" testId="2b656fc1-a7ec-d58f-e6cd-16b37d7df8ce" testName="ProcuLink.Api.Tests.Integration.CrashedHolderRecoveryCompositionPostgresTests.LiveHolder_ThatCompletes_EndsTheRetryChain" computerName="DIMA-PC" duration="00:00:00.0374473" startTime="2026-07-17T10:46:37.4544461+03:00" endTime="2026-07-17T10:46:40.3841591+03:00" testType="13cdc9d9-ddb5-4fa4-a97d-d965ccfc6d4b" outcome="Passed" testListId="8c84fa94-04c1-424b-9868-57a2d4851a1d" relativeResultsDirectory="46d136f5-e658-4432-8e22-24df52bdfb97" />
    <UnitTestResult executionId="b815f0c7-c3a3-4e04-a783-4ba9f8897e22" testId="3772bc30-3776-95a2-49c5-e7619bf2135f" testName="ProcuLink.Api.Tests.Integration.RetryDeliveryLoopPostgresTests.DeadLetteredOrder_JobDoesNotReschedule" computerName="DIMA-PC" duration="00:00:00.0135716" startTime="2026-07-17T10:46:23.5031843+03:00" endTime="2026-07-17T10:46:26.3320023+03:00" testType="13cdc9d9-ddb5-4fa4-a97d-d965ccfc6d4b" outcome="Passed" testListId="8c84fa94-04c1-424b-9868-57a2d4851a1d" relativeResultsDirectory="b815f0c7-c3a3-4e04-a783-4ba9f8897e22" />
    <UnitTestResult executionId="80e81711-b394-43a0-a572-eac28f9cfa19" testId="cd5dfa17-2304-07be-9410-db59f2854451" testName="ProcuLink.Api.Tests.Jobs.DeliverOrderJobNoDispatchTests.ExecuteAsync_TransientDispatchFailure_StillSeedsRetryQueue" computerName="DIMA-PC" duration="00:00:00.0998233" startTime="2026-07-17T10:46:14.0467565+03:00" endTime="2026-07-17T10:46:14.1358220+03:00" testType="13cdc9d9-ddb5-4fa4-a97d-d965ccfc6d4b" outcome="Passed" testListId="8c84fa94-04c1-424b-9868-57a2d4851a1d" relativeResultsDirectory="80e81711-b394-43a0-a572-eac28f9cfa19" />
    <UnitTestResult executionId="56d4954c-98e7-4a0c-8b0a-03e00d59f74f" testId="f9bf24f0-c6bc-811b-f8cd-f26c2d8597bd" testName="ProcuLink.Api.Tests.Integration.CrashedHolderRecoveryCompositionPostgresTests.CrashedHolder_SweepRedriveThenBackoff_ActuallyDeliversTheOrder" computerName="DIMA-PC" duration="00:00:00.1266071" startTime="2026-07-17T10:46:40.3850066+03:00" endTime="2026-07-17T10:46:43.6480974+03:00" testType="13cdc9d9-ddb5-4fa4-a97d-d965ccfc6d4b" outcome="Passed" testListId="8c84fa94-04c1-424b-9868-57a2d4851a1d" relativeResultsDirectory="56d4954c-98e7-4a0c-8b0a-03e00d59f74f" />
    <UnitTestResult executionId="ce7c09d4-1d3c-4da7-9e5b-e26b8bc85afe" testId="1c9c74a7-06c3-893c-1222-b420679f864d" testName="ProcuLink.Api.Tests.Integration.RetryDeliveryLoopPostgresTests.ErasedOrder_JobDoesNotReschedule" computerName="DIMA-PC" duration="00:00:00.5491773" startTime="2026-07-17T10:46:14.0477685+03:00" endTime="2026-07-17T10:46:23.5001457+03:00" testType="13cdc9d9-ddb5-4fa4-a97d-d965ccfc6d4b" outcome="Passed" testListId="8c84fa94-04c1-424b-9868-57a2d4851a1d" relativeResultsDirectory="ce7c09d4-1d3c-4da7-9e5b-e26b8bc85afe" />
  </Results>
  <TestDefinitions>
    <UnitTest name="ProcuLink.Api.Tests.Jobs.DeliverOrderJobNoDispatchTests.ExecuteAsync_NoDispatchAttempted_DoesNotSeedRetryQueue" storage="c:\users\dmitri.markit\source\repos\proculink\.claude\worktrees\priceless-pike-d2eb0a\proculink.api.tests\bin\debug\net8.0\proculink.api.tests.dll" id="17c7b298-e5c6-9d93-563b-fb00101e3c63">
      <Execution id="f1a01a32-1212-4f4c-a372-8fed6508e22e" />
      <TestMethod codeBase="C:\Users\Dmitri.REDACTED-PARTY\source\repos\ProcuLink\.claude\worktrees\priceless-pike-d2eb0a\ProcuLink.Api.Tests\bin\Debug\net8.0\ProcuLink.Api.Tests.dll" adapterTypeName="executor://xunit/VsTestRunner3/netcore/" className="ProcuLink.Api.Tests.Jobs.DeliverOrderJobNoDispatchTests" name="ExecuteAsync_NoDispatchAttempted_DoesNotSeedRetryQueue" />
    </UnitTest>
    <UnitTest name="ProcuLink.Api.Tests.Integration.RetryDeliveryLoopPostgresTests.ErasedOrder_JobDoesNotReschedule" storage="c:\users\dmitri.markit\source\repos\proculink\.claude\worktrees\priceless-pike-d2eb0a\proculink.api.tests\bin\debug\net8.0\proculink.api.tests.dll" id="1c9c74a7-06c3-893c-1222-b420679f864d">
      <Execution id="ce7c09d4-1d3c-4da7-9e5b-e26b8bc85afe" />
      <TestMethod codeBase="C:\Users\Dmitri.REDACTED-PARTY\source\repos\ProcuLink\.claude\worktrees\priceless-pike-d2eb0a\ProcuLink.Api.Tests\bin\Debug\net8.0\ProcuLink.Api.Tests.dll" adapterTypeName="executor://xunit/VsTestRunner3/netcore/" className="ProcuLink.Api.Tests.Integration.RetryDeliveryLoopPostgresTests" name="ErasedOrder_JobDoesNotReschedule" />
    </UnitTest>
    <UnitTest name="ProcuLink.Api.Tests.Integration.CrashedHolderRecoveryCompositionPostgresTests.LiveHolder_ThatCompletes_EndsTheRetryChain" storage="c:\users\dmitri.markit\source\repos\proculink\.claude\worktrees\priceless-pike-d2eb0a\proculink.api.tests\bin\debug\net8.0\proculink.api.tests.dll" id="2b656fc1-a7ec-d58f-e6cd-16b37d7df8ce">
      <Execution id="46d136f5-e658-4432-8e22-24df52bdfb97" />
      <TestMethod codeBase="C:\Users\Dmitri.REDACTED-PARTY\source\repos\ProcuLink\.claude\worktrees\priceless-pike-d2eb0a\ProcuLink.Api.Tests\bin\Debug\net8.0\ProcuLink.Api.Tests.dll" adapterTypeName="executor://xunit/VsTestRunner3/netcore/" className="ProcuLink.Api.Tests.Integration.CrashedHolderRecoveryCompositionPostgresTests" name="LiveHolder_ThatCompletes_EndsTheRetryChain" />
    </UnitTest>
    <UnitTest name="ProcuLink.Api.Tests.Jobs.DeliverOrderJobNoDispatchTests.ExecuteAsync_TransientDispatchFailure_StillSeedsRetryQueue" storage="c:\users\dmitri.markit\source\repos\proculink\.claude\worktrees\priceless-pike-d2eb0a\proculink.api.tests\bin\debug\net8.0\proculink.api.tests.dll" id="cd5dfa17-2304-07be-9410-db59f2854451">
      <Execution id="80e81711-b394-43a0-a572-eac28f9cfa19" />
      <TestMethod codeBase="C:\Users\Dmitri.REDACTED-PARTY\source\repos\ProcuLink\.claude\worktrees\priceless-pike-d2eb0a\ProcuLink.Api.Tests\bin\Debug\net8.0\ProcuLink.Api.Tests.dll" adapterTypeName="executor://xunit/VsTestRunner3/netcore/" className="ProcuLink.Api.Tests.Jobs.DeliverOrderJobNoDispatchTests" name="ExecuteAsync_TransientDispatchFailure_StillSeedsRetryQueue" />
    </UnitTest>
    <UnitTest name="ProcuLink.Api.Tests.Integration.RetryDeliveryLoopPostgresTests.TransientDispatchFailure_AttemptRowWritten_JobStillReschedules" storage="c:\users\dmitri.markit\source\repos\proculink\.claude\worktrees\priceless-pike-d2eb0a\proculink.api.tests\bin\debug\net8.0\proculink.api.tests.dll" id="df7ce2f0-f7e6-a964-e7e3-0013a44dca82">
      <Execution id="1d3bd732-8836-4f94-a18d-445659bdc353" />
      <TestMethod codeBase="C:\Users\Dmitri.REDACTED-PARTY\source\repos\ProcuLink\.claude\worktrees\priceless-pike-d2eb0a\ProcuLink.Api.Tests\bin\Debug\net8.0\ProcuLink.Api.Tests.dll" adapterTypeName="executor://xunit/VsTestRunner3/netcore/" className="ProcuLink.Api.Tests.Integration.RetryDeliveryLoopPostgresTests" name="TransientDispatchFailure_AttemptRowWritten_JobStillReschedules" />
    </UnitTest>
    <UnitTest name="ProcuLink.Api.Tests.Integration.RetryDeliveryLoopPostgresTests.DeadLetteredOrder_JobDoesNotReschedule" storage="c:\users\dmitri.markit\source\repos\proculink\.claude\worktrees\priceless-pike-d2eb0a\proculink.api.tests\bin\debug\net8.0\proculink.api.tests.dll" id="3772bc30-3776-95a2-49c5-e7619bf2135f">
      <Execution id="b815f0c7-c3a3-4e04-a783-4ba9f8897e22" />
      <TestMethod codeBase="C:\Users\Dmitri.REDACTED-PARTY\source\repos\ProcuLink\.claude\worktrees\priceless-pike-d2eb0a\ProcuLink.Api.Tests\bin\Debug\net8.0\ProcuLink.Api.Tests.dll" adapterTypeName="executor://xunit/VsTestRunner3/netcore/" className="ProcuLink.Api.Tests.Integration.RetryDeliveryLoopPostgresTests" name="DeadLetteredOrder_JobDoesNotReschedule" />
    </UnitTest>
    <UnitTest name="ProcuLink.Api.Tests.Integration.RetryDeliveryLoopPostgresTests.ClaimLostToAnotherWorker_NoDispatch_ButStillReschedules" storage="c:\users\dmitri.markit\source\repos\proculink\.claude\worktrees\priceless-pike-d2eb0a\proculink.api.tests\bin\debug\net8.0\proculink.api.tests.dll" id="3ef11b22-6723-8cbe-4db1-1a8a04821883">
      <Execution id="f13a3523-f36d-4301-a039-29162dd95f98" />
      <TestMethod codeBase="C:\Users\Dmitri.REDACTED-PARTY\source\repos\ProcuLink\.claude\worktrees\priceless-pike-d2eb0a\ProcuLink.Api.Tests\bin\Debug\net8.0\ProcuLink.Api.Tests.dll" adapterTypeName="executor://xunit/VsTestRunner3/netcore/" className="ProcuLink.Api.Tests.Integration.RetryDeliveryLoopPostgresTests" name="ClaimLostToAnotherWorker_NoDispatch_ButStillReschedules" />
    </UnitTest>
    <UnitTest name="ProcuLink.Api.Tests.Integration.CrashedHolderRecoveryCompositionPostgresTests.LiveHolder_RetryNeverDoubleDispatches" storage="c:\users\dmitri.markit\source\repos\proculink\.claude\worktrees\priceless-pike-d2eb0a\proculink.api.tests\bin\debug\net8.0\proculink.api.tests.dll" id="1f4a019e-b6fe-e766-978f-f90e4573f69c">
      <Execution id="63043354-d74a-43bb-b1a9-3750193ad717" />
      <TestMethod codeBase="C:\Users\Dmitri.REDACTED-PARTY\source\repos\ProcuLink\.claude\worktrees\priceless-pike-d2eb0a\ProcuLink.Api.Tests\bin\Debug\net8.0\ProcuLink.Api.Tests.dll" adapterTypeName="executor://xunit/VsTestRunner3/netcore/" className="ProcuLink.Api.Tests.Integration.CrashedHolderRecoveryCompositionPostgresTests" name="LiveHolder_RetryNeverDoubleDispatches" />
    </UnitTest>
    <UnitTest name="ProcuLink.Api.Tests.Integration.RetryDeliveryLoopPostgresTests.HeldOrder_NotRetryableStatus_JobDoesNotReschedule" storage="c:\users\dmitri.markit\source\repos\proculink\.claude\worktrees\priceless-pike-d2eb0a\proculink.api.tests\bin\debug\net8.0\proculink.api.tests.dll" id="96e25a96-ff3b-1dae-c0b8-ce159bda9491">
      <Execution id="87fe8514-8a32-4d83-8d0d-b3fd17f9ae29" />
      <TestMethod codeBase="C:\Users\Dmitri.REDACTED-PARTY\source\repos\ProcuLink\.claude\worktrees\priceless-pike-d2eb0a\ProcuLink.Api.Tests\bin\Debug\net8.0\ProcuLink.Api.Tests.dll" adapterTypeName="executor://xunit/VsTestRunner3/netcore/" className="ProcuLink.Api.Tests.Integration.RetryDeliveryLoopPostgresTests" name="HeldOrder_NotRetryableStatus_JobDoesNotReschedule" />
    </UnitTest>
    <UnitTest name="ProcuLink.Api.Tests.Integration.CrashedHolderRecoveryCompositionPostgresTests.CrashedHolder_SweepRedriveThenBackoff_ActuallyDeliversTheOrder" storage="c:\users\dmitri.markit\source\repos\proculink\.claude\worktrees\priceless-pike-d2eb0a\proculink.api.tests\bin\debug\net8.0\proculink.api.tests.dll" id="f9bf24f0-c6bc-811b-f8cd-f26c2d8597bd">
      <Execution id="56d4954c-98e7-4a0c-8b0a-03e00d59f74f" />
      <TestMethod codeBase="C:\Users\Dmitri.REDACTED-PARTY\source\repos\ProcuLink\.claude\worktrees\priceless-pike-d2eb0a\ProcuLink.Api.Tests\bin\Debug\net8.0\ProcuLink.Api.Tests.dll" adapterTypeName="executor://xunit/VsTestRunner3/netcore/" className="ProcuLink.Api.Tests.Integration.CrashedHolderRecoveryCompositionPostgresTests" name="CrashedHolder_SweepRedriveThenBackoff_ActuallyDeliversTheOrder" />
    </UnitTest>
  </TestDefinitions>
  <TestEntries>
    <TestEntry testId="df7ce2f0-f7e6-a964-e7e3-0013a44dca82" executionId="1d3bd732-8836-4f94-a18d-445659bdc353" testListId="8c84fa94-04c1-424b-9868-57a2d4851a1d" />
    <TestEntry testId="3ef11b22-6723-8cbe-4db1-1a8a04821883" executionId="f13a3523-f36d-4301-a039-29162dd95f98" testListId="8c84fa94-04c1-424b-9868-57a2d4851a1d" />
    <TestEntry testId="17c7b298-e5c6-9d93-563b-fb00101e3c63" executionId="f1a01a32-1212-4f4c-a372-8fed6508e22e" testListId="8c84fa94-04c1-424b-9868-57a2d4851a1d" />
    <TestEntry testId="96e25a96-ff3b-1dae-c0b8-ce159bda9491" executionId="87fe8514-8a32-4d83-8d0d-b3fd17f9ae29" testListId="8c84fa94-04c1-424b-9868-57a2d4851a1d" />
    <TestEntry testId="1f4a019e-b6fe-e766-978f-f90e4573f69c" executionId="63043354-d74a-43bb-b1a9-3750193ad717" testListId="8c84fa94-04c1-424b-9868-57a2d4851a1d" />
    <TestEntry testId="2b656fc1-a7ec-d58f-e6cd-16b37d7df8ce" executionId="46d136f5-e658-4432-8e22-24df52bdfb97" testListId="8c84fa94-04c1-424b-9868-57a2d4851a1d" />
    <TestEntry testId="3772bc30-3776-95a2-49c5-e7619bf2135f" executionId="b815f0c7-c3a3-4e04-a783-4ba9f8897e22" testListId="8c84fa94-04c1-424b-9868-57a2d4851a1d" />
    <TestEntry testId="cd5dfa17-2304-07be-9410-db59f2854451" executionId="80e81711-b394-43a0-a572-eac28f9cfa19" testListId="8c84fa94-04c1-424b-9868-57a2d4851a1d" />
    <TestEntry testId="f9bf24f0-c6bc-811b-f8cd-f26c2d8597bd" executionId="56d4954c-98e7-4a0c-8b0a-03e00d59f74f" testListId="8c84fa94-04c1-424b-9868-57a2d4851a1d" />
    <TestEntry testId="1c9c74a7-06c3-893c-1222-b420679f864d" executionId="ce7c09d4-1d3c-4da7-9e5b-e26b8bc85afe" testListId="8c84fa94-04c1-424b-9868-57a2d4851a1d" />
  </TestEntries>
  <TestLists>
    <TestList name="Results Not in a List" id="8c84fa94-04c1-424b-9868-57a2d4851a1d" />
    <TestList name="All Loaded Results" id="19431567-8539-422a-85d7-44ee4e166bda" />
  </TestLists>
  <ResultSummary outcome="Completed">
    <Counters total="10" executed="10" passed="10" failed="0" error="0" timeout="0" aborted="0" inconclusive="0" passedButRunAborted="0" notRunnable="0" notExecuted="0" disconnected="0" warning="0" completed="0" inProgress="0" pending="0" />
    <Output>
      <StdOut>[xUnit.net 00:00:00.00] xUnit.net VSTest Adapter v3.1.4+50e68bbb8b (64-bit .NET 8.0.29)&#xD;
[xUnit.net 00:00:00.78]   Discovering: ProcuLink.Api.Tests&#xD;
[xUnit.net 00:00:01.47]   Discovered:  ProcuLink.Api.Tests&#xD;
[xUnit.net 00:00:01.48]   Starting:    ProcuLink.Api.Tests&#xD;
[testcontainers.org 00:00:00.07] Connected to Docker:&#xD;
  Host: npipe://./pipe/docker_engine&#xD;
  Server Version: 29.5.3&#xD;
  Kernel Version: 6.18.33.2-microsoft-standard-WSL2&#xD;
  API Version: 1.54&#xD;
  Operating System: Docker Desktop&#xD;
  Total Memory: 1.86 GB&#xD;
  Labels: &#xD;
    com.docker.desktop.address=npipe://\\.\pipe\docker_cli&#xD;
[testcontainers.org 00:00:00.23] Docker container ac8214989834 created&#xD;
[testcontainers.org 00:00:00.28] Start Docker container ac8214989834&#xD;
[testcontainers.org 00:00:00.50] Wait for Docker container ac8214989834 to complete readiness checks&#xD;
[testcontainers.org 00:00:00.50] Docker container ac8214989834 ready&#xD;
[testcontainers.org 00:00:00.59] Docker container 00712d74fe08 created&#xD;
[testcontainers.org 00:00:00.60] Start Docker container 00712d74fe08&#xD;
[testcontainers.org 00:00:00.75] Wait for Docker container 00712d74fe08 to complete readiness checks&#xD;
[testcontainers.org 00:00:00.76] Execute "pg_isready --host localhost --dbname proculink_retryloop_1c248a57d36a42dcadcf486d89e0984e --username postgres" at Docker container 00712d74fe08&#xD;
[testcontainers.org 00:00:01.88] Execute "pg_isready --host localhost --dbname proculink_retryloop_1c248a57d36a42dcadcf486d89e0984e --username postgres" at Docker container 00712d74fe08&#xD;
[testcontainers.org 00:00:01.98] Docker container 00712d74fe08 ready&#xD;
[testcontainers.org 00:00:08.97] Delete Docker container 00712d74fe08&#xD;
[testcontainers.org 00:00:09.51] Docker container 1ffc2d30a17f created&#xD;
[testcontainers.org 00:00:09.52] Start Docker container 1ffc2d30a17f&#xD;
[testcontainers.org 00:00:09.71] Wait for Docker container 1ffc2d30a17f to complete readiness checks&#xD;
[testcontainers.org 00:00:09.72] Execute "pg_isready --host localhost --dbname proculink_retryloop_f9f6e60ba6504a6888d1d52c42478975 --username postgres" at Docker container 1ffc2d30a17f&#xD;
[testcontainers.org 00:00:10.81] Execute "pg_isready --host localhost --dbname proculink_retryloop_f9f6e60ba6504a6888d1d52c42478975 --username postgres" at Docker container 1ffc2d30a17f&#xD;
[testcontainers.org 00:00:10.90] Docker container 1ffc2d30a17f ready&#xD;
[testcontainers.org 00:00:11.90] Delete Docker container 1ffc2d30a17f&#xD;
[testcontainers.org 00:00:12.31] Docker container b5bbdd177ea1 created&#xD;
[testcontainers.org 00:00:12.31] Start Docker container b5bbdd177ea1&#xD;
[testcontainers.org 00:00:12.48] Wait for Docker container b5bbdd177ea1 to complete readiness checks&#xD;
[testcontainers.org 00:00:12.48] Execute "pg_isready --host localhost --dbname proculink_retryloop_7355a0aa401a492aa2c3eaa5b3da59e7 --username postgres" at Docker container b5bbdd177ea1&#xD;
[testcontainers.org 00:00:13.58] Execute "pg_isready --host localhost --dbname proculink_retryloop_7355a0aa401a492aa2c3eaa5b3da59e7 --username postgres" at Docker container b5bbdd177ea1&#xD;
[testcontainers.org 00:00:13.67] Docker container b5bbdd177ea1 ready&#xD;
[testcontainers.org 00:00:14.80] Delete Docker container b5bbdd177ea1&#xD;
[testcontainers.org 00:00:15.17] Docker container 3141fbc2dd82 created&#xD;
[testcontainers.org 00:00:15.18] Start Docker container 3141fbc2dd82&#xD;
[testcontainers.org 00:00:15.34] Wait for Docker container 3141fbc2dd82 to complete readiness checks&#xD;
[testcontainers.org 00:00:15.34] Execute "pg_isready --host localhost --dbname proculink_retryloop_42ddba211a844ed9baf6a3a7e9c21345 --username postgres" at Docker container 3141fbc2dd82&#xD;
[testcontainers.org 00:00:16.43] Execute "pg_isready --host localhost --dbname proculink_retryloop_42ddba211a844ed9baf6a3a7e9c21345 --username postgres" at Docker container 3141fbc2dd82&#xD;
[testcontainers.org 00:00:16.51] Docker container 3141fbc2dd82 ready&#xD;
[testcontainers.org 00:00:17.47] Delete Docker container 3141fbc2dd82&#xD;
[testcontainers.org 00:00:17.87] Docker container 42e1dd156a82 created&#xD;
[testcontainers.org 00:00:17.88] Start Docker container 42e1dd156a82&#xD;
[testcontainers.org 00:00:18.03] Wait for Docker container 42e1dd156a82 to complete readiness checks&#xD;
[testcontainers.org 00:00:18.04] Execute "pg_isready --host localhost --dbname proculink_retryloop_25dd85ebdaf44a5e93a97b35688fd87b --username postgres" at Docker container 42e1dd156a82&#xD;
[testcontainers.org 00:00:19.14] Execute "pg_isready --host localhost --dbname proculink_retryloop_25dd85ebdaf44a5e93a97b35688fd87b --username postgres" at Docker container 42e1dd156a82&#xD;
[testcontainers.org 00:00:19.24] Docker container 42e1dd156a82 ready&#xD;
[testcontainers.org 00:00:20.20] Delete Docker container 42e1dd156a82&#xD;
[testcontainers.org 00:00:20.56] Docker container bf591178b421 created&#xD;
[testcontainers.org 00:00:20.56] Start Docker container bf591178b421&#xD;
[testcontainers.org 00:00:20.73] Wait for Docker container bf591178b421 to complete readiness checks&#xD;
[testcontainers.org 00:00:20.74] Execute "pg_isready --host localhost --dbname proculink_crashcompose_a940d73eaada4293af8e8ff2ba31690d --username postgres" at Docker container bf591178b421&#xD;
[testcontainers.org 00:00:21.82] Execute "pg_isready --host localhost --dbname proculink_crashcompose_a940d73eaada4293af8e8ff2ba31690d --username postgres" at Docker container bf591178b421&#xD;
[testcontainers.org 00:00:21.89] Docker container bf591178b421 ready&#xD;
[testcontainers.org 00:00:23.00] Delete Docker container bf591178b421&#xD;
[testcontainers.org 00:00:23.42] Docker container 39ef98800364 created&#xD;
[testcontainers.org 00:00:23.42] Start Docker container 39ef98800364&#xD;
[testcontainers.org 00:00:23.60] Wait for Docker container 39ef98800364 to complete readiness checks&#xD;
[testcontainers.org 00:00:23.60] Execute "pg_isready --host localhost --dbname proculink_crashcompose_f90c6fbc96464d90bd35385db1bf07df --username postgres" at Docker container 39ef98800364&#xD;
[testcontainers.org 00:00:24.70] Execute "pg_isready --host localhost --dbname proculink_crashcompose_f90c6fbc96464d90bd35385db1bf07df --username postgres" at Docker container 39ef98800364&#xD;
[testcontainers.org 00:00:24.77] Docker container 39ef98800364 ready&#xD;
[testcontainers.org 00:00:25.91] Delete Docker container 39ef98800364&#xD;
[testcontainers.org 00:00:26.35] Docker container a16ba388a9f6 created&#xD;
[testcontainers.org 00:00:26.36] Start Docker container a16ba388a9f6&#xD;
[testcontainers.org 00:00:26.51] Wait for Docker container a16ba388a9f6 to complete readiness checks&#xD;
[testcontainers.org 00:00:26.52] Execute "pg_isready --host localhost --dbname proculink_crashcompose_e55f689e32234815899ae003daae74d1 --username postgres" at Docker container a16ba388a9f6&#xD;
[testcontainers.org 00:00:27.69] Execute "pg_isready --host localhost --dbname proculink_crashcompose_e55f689e32234815899ae003daae74d1 --username postgres" at Docker container a16ba388a9f6&#xD;
[testcontainers.org 00:00:27.79] Docker container a16ba388a9f6 ready&#xD;
[testcontainers.org 00:00:29.20] Delete Docker container a16ba388a9f6&#xD;
[xUnit.net 00:00:31.12]   Finished:    ProcuLink.Api.Tests&#xD;
</StdOut>
    </Output>
  </ResultSummary>
</TestRun>